# npx tsx probe2.ts on the code before review (the implementer's context-enrichment.ts, program-project-anchor.ts at HEAD) — DATABASE_URL=local c2c_ui_screens
[unlinked /safety] unavailable=[] reasons={}
   affirmative absence ("No ... data found for this project yet"): true
   "## Project records" notice: false
[unlinked /cmc] unavailable=[] reasons={}
   affirmative absence ("No ... data found for this project yet"): true
   "## Project records" notice: false
[unlinked /workflow] unavailable=[] reasons={}
   affirmative absence ("No ... data found for this project yet"): false
   "## Project records" notice: false
[unlinked Draft the Module 2.5 cli] unavailable=[] reasons={}
   affirmative absence ("No ... data found for this project yet"): true
   "## Project records" notice: false

# the same, DATABASE_URL pointing at a database that does not exist (the anchor lookup fails)
[lookup-fails /safety] unavailable=[] reasons={}
   affirmative absence ("No ... data found for this project yet"): true
   "## Project records" notice: false
[lookup-fails /cmc] unavailable=[] reasons={}
   affirmative absence ("No ... data found for this project yet"): true
   "## Project records" notice: false
[lookup-fails /workflow] unavailable=[] reasons={}
   affirmative absence ("No ... data found for this project yet"): false
   "## Project records" notice: false
[lookup-fails Draft the Module 2.5 cli] unavailable=[] reasons={}
   affirmative absence ("No ... data found for this project yet"): true
   "## Project records" notice: false
