(node:5) [UNDICI-EHPA] Warning: EnvHttpProxyAgent is experimental, expect them to change at any time.
(Use `node --trace-warnings ...` to show where the warning was created)

 RUN  v4.1.7 /workspace/scratch/bd36ee581acd/concept2cure

(node:5) [UNDICI-EHPA] Warning: EnvHttpProxyAgent is experimental, expect them to change at any time.
(Use `node --trace-warnings ...` to show where the warning was created)
(node:27) [UNDICI-EHPA] Warning: EnvHttpProxyAgent is experimental, expect them to change at any time.
(Use `node --trace-warnings ...` to show where the warning was created)
stdout | server/services/ana/__tests__/executor-agentic-loop-queued-cancel.test.ts
{
  "timestamp": "2026-10-08T05:29:58.528Z",
  "level": "info",
  "message": "[database] Initializing PostgreSQL connection pool",
  "context": {}
}
{
  "timestamp": "2026-10-08T05:29:58.529Z",
  "level": "info",
  "message": "[database] RLS enforcement mode resolved",
  "context": {
    "mode": "off"
  }
}

stderr | server/services/ana/__tests__/executor-agentic-loop-queued-cancel.test.ts
{
  "timestamp": "2026-10-08T05:29:58.529Z",
  "level": "warn",
  "message": "[database] Skipping database startup connectivity test (SKIP_DB_STARTUP_TEST=true)",
  "context": {}
}

stdout | server/services/ana/__tests__/executor-agentic-loop-queued-cancel.test.ts
[database] Database connection successful

 ✓ server/services/ana/__tests__/executor-agentic-loop-queued-cancel.test.ts > non-SSE cancellation before a queued handler starts > does not start queued work after Stop with 1 active lanes 7ms
 ✓ server/services/ana/__tests__/executor-agentic-loop-queued-cancel.test.ts > non-SSE cancellation before a queued handler starts > does not start queued work after Stop with 4 active lanes 2ms
 ✓ server/services/ana/__tests__/executor-agentic-loop-queued-cancel.test.ts > an uninterrupted queued tool round > still runs each handler and carries its result into the next model turn 1ms

 Test Files  1 passed (1)
      Tests  3 passed (3)
   Start at  13:29:56
   Duration  6.00s (transform 3.84s, setup 66ms, import 5.71s, tests 12ms, environment 0ms)
