(node:5) [UNDICI-EHPA] Warning: EnvHttpProxyAgent is experimental, expect them to change at any time.
(Use `node --trace-warnings ...` to show where the warning was created)

 RUN  v4.1.7 /workspace/scratch/bd36ee581acd/concept2cure

(node:5) [UNDICI-EHPA] Warning: EnvHttpProxyAgent is experimental, expect them to change at any time.
(Use `node --trace-warnings ...` to show where the warning was created)
(node:26) [UNDICI-EHPA] Warning: EnvHttpProxyAgent is experimental, expect them to change at any time.
(Use `node --trace-warnings ...` to show where the warning was created)
stdout | server/routes/ana-ri/__tests__/stream-run-policy.test.ts
{
  "timestamp": "2026-10-08T05:30:21.975Z",
  "level": "info",
  "message": "[database] Initializing PostgreSQL connection pool",
  "context": {}
}
{
  "timestamp": "2026-10-08T05:30:21.976Z",
  "level": "info",
  "message": "[database] RLS enforcement mode resolved",
  "context": {
    "mode": "off"
  }
}

stderr | server/routes/ana-ri/__tests__/stream-run-policy.test.ts
{
  "timestamp": "2026-10-08T05:30:21.976Z",
  "level": "warn",
  "message": "[database] Skipping database startup connectivity test (SKIP_DB_STARTUP_TEST=true)",
  "context": {}
}

stdout | server/routes/ana-ri/__tests__/stream-run-policy.test.ts
Loaded 0 academic documents

 ✓ server/routes/ana-ri/__tests__/stream-run-policy.test.ts > (1) the done frame says which policy the turn ran under > run_policy "auto" → runPolicy "auto" 40ms
 ✓ server/routes/ana-ri/__tests__/stream-run-policy.test.ts > (1) the done frame says which policy the turn ran under > run_policy "manual" → runPolicy "manual" 11ms
 ✓ server/routes/ana-ri/__tests__/stream-run-policy.test.ts > (1) the done frame says which policy the turn ran under > run_policy "AUTO" → runPolicy null 5ms
 ✓ server/routes/ana-ri/__tests__/stream-run-policy.test.ts > (1) the done frame says which policy the turn ran under > run_policy "" → runPolicy null 5ms
 ✓ server/routes/ana-ri/__tests__/stream-run-policy.test.ts > (1) the done frame says which policy the turn ran under > run_policy undefined → runPolicy null 5ms
 ✓ server/routes/ana-ri/__tests__/stream-run-policy.test.ts > (2) Manual stops before each further step, and runs it on Run this step > runs round 1 unheld, holds before round 2 naming the step, then runs it 5ms
 ✓ server/routes/ana-ri/__tests__/stream-run-policy.test.ts > (2) Manual stops before each further step, and runs it on Run this step > does not hold before a step that already goes to a person 20ms
 ✓ server/routes/ana-ri/__tests__/stream-run-policy.test.ts > (2) Manual stops before each further step, and runs it on Run this step > does not hold while a demonstration drives 5ms
stderr | server/routes/ana-ri/__tests__/stream-run-policy.test.ts > (5) Manual that cannot hold stops where she would have asked > when the run row could not be opened
[AnA RI Stream] run control unavailable: ana_runs is unavailable

stderr | server/routes/ana-ri/__tests__/stream-run-policy.test.ts > (5) Manual that cannot hold stops where she would have asked > Auto without a run row runs on, as today
[AnA RI Stream] run control unavailable: ana_runs is unavailable

 ✓ server/routes/ana-ri/__tests__/stream-run-policy.test.ts > (2) Manual stops before each further step, and runs it on Run this step > a person pausing a Manual turn is a person, not the policy 7ms
 ✓ server/routes/ana-ri/__tests__/stream-run-policy.test.ts > (2) Manual stops before each further step, and runs it on Run this step > Auto and no policy never hold on their own 12ms
 ✓ server/routes/ana-ri/__tests__/stream-run-policy.test.ts > (3) Do this instead replaces the held step > the held step never runs; the model is told it was redirected, with the steer in the same call 5ms
 ✓ server/routes/ana-ri/__tests__/stream-run-policy.test.ts > (3) Do this instead replaces the held step > a steer already waiting replaces the step without holding 4ms
 ✓ server/routes/ana-ri/__tests__/stream-run-policy.test.ts > (3) Do this instead replaces the held step > …and the record says the steer replaced a step nobody was shown — never that she stopped and was answered 4ms
 ✓ server/routes/ana-ri/__tests__/stream-run-policy.test.ts > (3) Do this instead replaces the held step > under Auto the same steer does not replace anything: it applies after the step 3ms
 ✓ server/routes/ana-ri/__tests__/stream-run-policy.test.ts > (4) a Manual hold nobody answers ends the turn > hold_expired, no further model call, the step named and not run 6ms
 ✓ server/routes/ana-ri/__tests__/stream-run-policy.test.ts > (4) a Manual hold nobody answers ends the turn > a person's own pause in a Manual turn ends it the same way 3ms
 ✓ server/routes/ana-ri/__tests__/stream-run-policy.test.ts > (4) a Manual hold nobody answers ends the turn > the same pause under Auto is resumed as abandoned, as today 3ms
 ✓ server/routes/ana-ri/__tests__/stream-run-policy.test.ts > (5) Manual that cannot hold stops where she would have asked > when the run row could not be opened 5ms
 ✓ server/routes/ana-ri/__tests__/stream-run-policy.test.ts > (5) Manual that cannot hold stops where she would have asked > when the run has no owner who could resume it 3ms
 ✓ server/routes/ana-ri/__tests__/stream-run-policy.test.ts > (5) Manual that cannot hold stops where she would have asked > Auto without a run row runs on, as today 3ms
 ✓ server/routes/ana-ri/__tests__/stream-run-policy.test.ts > (6) Auto ends a turn honestly at its ceilings > an approval nobody answers ends the turn with a closing answer 9ms
 ✓ server/routes/ana-ri/__tests__/stream-run-policy.test.ts > (6) Auto ends a turn honestly at its ceilings > with no policy, the same unanswered approval is a denial and the turn goes on 4ms
 ✓ server/routes/ana-ri/__tests__/stream-run-policy.test.ts > (6) Auto ends a turn honestly at its ceilings > past 15 minutes of work the next call is the closing answer 4ms
 ✓ server/routes/ana-ri/__tests__/stream-run-policy.test.ts > (6) Auto ends a turn honestly at its ceilings > time held for a person is not work 5ms
 ✓ server/routes/ana-ri/__tests__/stream-run-policy.test.ts > (6) Auto ends a turn honestly at its ceilings > with no policy, a long step is not a stop 3ms
 ✓ server/routes/ana-ri/__tests__/stream-run-policy.test.ts > (6) Auto ends a turn honestly at its ceilings > Auto keeps going past the effort ceiling while each round is new, to 20 rounds 6ms
 ✓ server/routes/ana-ri/__tests__/stream-run-policy.test.ts > (6) Auto ends a turn honestly at its ceilings > with no policy the same turn keeps its effort ceiling (balanced: 6 + 2) 4ms
 ✓ server/routes/ana-ri/__tests__/stream-run-policy.test.ts > (6) Auto ends a turn honestly at its ceilings > Manual keeps the effort ceiling too 6ms
 ✓ server/routes/ana-ri/__tests__/stream-run-policy.test.ts > (5b) a Manual hold that did not happen, or lost its run, never runs the step > the hold wrote nothing and the row reads "failed" (not a person's pause): fails closed 3ms
 ✓ server/routes/ana-ri/__tests__/stream-run-policy.test.ts > (5b) a Manual hold that did not happen, or lost its run, never runs the step > the hold wrote nothing and the row reads "finished" (not a person's pause): fails closed 3ms
 ✓ server/routes/ana-ri/__tests__/stream-run-policy.test.ts > (5b) a Manual hold that did not happen, or lost its run, never runs the step > the hold wrote nothing and the row reads null (not a person's pause): fails closed 2ms
 ✓ server/routes/ana-ri/__tests__/stream-run-policy.test.ts > (5b) a Manual hold that did not happen, or lost its run, never runs the step > the hold could not be written though the row reads running, twice: fails closed, never runs unasked 4ms
 ✓ server/routes/ana-ri/__tests__/stream-run-policy.test.ts > (5b) a Manual hold that did not happen, or lost its run, never runs the step > the hold could not be written (holdForPerson threw): fails closed 3ms
 ✓ server/routes/ana-ri/__tests__/stream-run-policy.test.ts > (5b) a Manual hold that did not happen, or lost its run, never runs the step > held, then the row left the hold as "failed" — no person answered: fails closed 3ms
 ✓ server/routes/ana-ri/__tests__/stream-run-policy.test.ts > (5b) a Manual hold that did not happen, or lost its run, never runs the step > held, then the row left the hold as "finished" — no person answered: fails closed 3ms
 ✓ server/routes/ana-ri/__tests__/stream-run-policy.test.ts > (5b) a Manual hold that did not happen, or lost its run, never runs the step > held, then the row left the hold as null — no person answered: fails closed 3ms
 ✓ server/routes/ana-ri/__tests__/stream-run-policy.test.ts > (5b) a Manual hold that did not happen, or lost its run, never runs the step > a person's own pause already in place where Manual would hold becomes her hold: Next is shown, and Resume answers it 3ms
 ✓ server/routes/ana-ri/__tests__/stream-run-policy.test.ts > (4b) a Manual hold ended by Stop leaves its step on the record > Stop at a hold: not run, named on done, and the hold filed as stopped 2ms
 ✓ server/routes/ana-ri/__tests__/stream-run-policy.test.ts > (4b) a Manual hold ended by Stop leaves its step on the record > a person's pause that expires is filed as the person's pause, not as AnA waiting before her step 3ms
 ✓ server/routes/ana-ri/__tests__/stream-run-policy.test.ts > (2c) a demonstration the model starts does not switch Manual off > Manual with Live Drive on (not a demo), round 1 starts a demo: a hold is still due before round 2 3ms
(node:47) [UNDICI-EHPA] Warning: EnvHttpProxyAgent is experimental, expect them to change at any time.
(Use `node --trace-warnings ...` to show where the warning was created)
stdout | server/services/ana/__tests__/executor-agentic-loop-options.test.ts
{
  "timestamp": "2026-10-08T05:30:26.187Z",
  "level": "info",
  "message": "[database] Initializing PostgreSQL connection pool",
  "context": {}
}
{
  "timestamp": "2026-10-08T05:30:26.188Z",
  "level": "info",
  "message": "[database] RLS enforcement mode resolved",
  "context": {
    "mode": "off"
  }
}

stderr | server/services/ana/__tests__/executor-agentic-loop-options.test.ts
{
  "timestamp": "2026-10-08T05:30:26.188Z",
  "level": "warn",
  "message": "[database] Skipping database startup connectivity test (SKIP_DB_STARTUP_TEST=true)",
  "context": {}
}

stdout | server/services/ana/__tests__/executor-agentic-loop-options.test.ts
[database] Database connection successful

stderr | server/services/ana/__tests__/executor-agentic-loop-options.test.ts > hooks > an observer that throws is contained: the tool still answers the model, and the turn completes
{
  "timestamp": "2026-10-08T05:30:29.255Z",
  "level": "warn",
  "message": "[ana-agentic-dispatch] [ana-agentic-dispatch] onModelResponse threw; the loop carries on: observer broke",
  "context": {}
}
{
  "timestamp": "2026-10-08T05:30:29.255Z",
  "level": "warn",
  "message": "[ana-agentic-dispatch] [ana-agentic-dispatch] onToolEvent threw; the loop carries on: observer broke",
  "context": {}
}

stderr | server/services/ana/__tests__/executor-agentic-loop-options.test.ts > hooks > an observer that throws is contained: the tool still answers the model, and the turn completes
{
  "timestamp": "2026-10-08T05:30:29.256Z",
  "level": "warn",
  "message": "[ana-agentic-dispatch] [ana-agentic-dispatch] onToolEvent threw; the loop carries on: observer broke",
  "context": {}
}

stderr | server/services/ana/__tests__/executor-agentic-loop-options.test.ts > hooks > an observer that throws is contained: the tool still answers the model, and the turn completes
{
  "timestamp": "2026-10-08T05:30:29.256Z",
  "level": "warn",
  "message": "[ana-agentic-dispatch] [ana-agentic-dispatch] onModelResponse threw; the loop carries on: observer broke",
  "context": {}
}

 ✓ server/services/ana/__tests__/executor-agentic-loop-options.test.ts > the loop outcome travels with the response > a turn cut at its round ceiling says max_rounds 4ms
 ✓ server/services/ana/__tests__/executor-agentic-loop-options.test.ts > the loop outcome travels with the response > a turn stopped after its first round says cancelled, not no_more_tools 1ms
 ✓ server/services/ana/__tests__/executor-agentic-loop-options.test.ts > the loop outcome travels with the response > an answer with no tools reports a zero-round loop 0ms
 ✓ server/services/ana/__tests__/executor-agentic-loop-options.test.ts > allowedToolNames: a tool not offered is not run > answers TOOL_NOT_OFFERED without dispatching, and lists no other tools 1ms
 ✓ server/services/ana/__tests__/executor-agentic-loop-options.test.ts > allowedToolNames: a tool not offered is not run > an offered name with no handler lists only the offered tools, never the whole registry 1ms
 ✓ server/services/ana/__tests__/executor-agentic-loop-options.test.ts > allowedToolNames: a tool not offered is not run > without an allowlist the unknown-tool answer is what it always was 1ms
 ✓ server/services/ana/__tests__/executor-agentic-loop-options.test.ts > hooks > onToolEvent: start and end per call, fired inside the worker, with the round and latency 1ms
 ✓ server/services/ana/__tests__/executor-agentic-loop-options.test.ts > hooks > onToolEvent reports a refused call too, so a caller can list what did not run 0ms
 ✓ server/services/ana/__tests__/executor-agentic-loop-options.test.ts > hooks > onModelResponse: once per gateway call, first call included, with its round 1ms
 ✓ server/services/ana/__tests__/executor-agentic-loop-options.test.ts > hooks > an observer that throws is contained: the tool still answers the model, and the turn completes 2ms
 ✓ server/services/ana/__tests__/executor-agentic-loop-options.test.ts > stopWhen is the caller’s > ends the turn with a closing answer and its own reason 1ms
 ✓ server/services/ana/__tests__/executor-agentic-loop-options.test.ts > toolConcurrency > bounds a round to the lanes asked for 31ms
 ✓ server/services/ana/__tests__/executor-agentic-loop-options.test.ts > toolConcurrency > is 4 when not asked, as before 32ms
 ✓ server/services/ana/__tests__/executor-agentic-loop-options.test.ts > toolConcurrency > 0 lanes is refused before any model call is spent 1ms
 ✓ server/services/ana/__tests__/executor-agentic-loop-options.test.ts > toolConcurrency > -1 lanes is refused before any model call is spent 0ms
 ✓ server/services/ana/__tests__/executor-agentic-loop-options.test.ts > toolConcurrency > 1.5 lanes is refused before any model call is spent 1ms
 ✓ server/services/ana/__tests__/executor-agentic-loop-options.test.ts > toolConcurrency > NaN lanes is refused before any model call is spent 0ms
 ✓ server/services/ana/__tests__/executor-agentic-loop-options.test.ts > toolModelCalls 'refuse': a tool cannot call a model > the dispatch runs inside the refusal scope, and the gateway sends nothing for it 1ms
 ✓ server/services/ana/__tests__/executor-agentic-loop-options.test.ts > toolModelCalls 'refuse': a tool cannot call a model > the loop's own model calls are not refused 0ms
 ✓ server/services/ana/__tests__/executor-agentic-loop-options.test.ts > toolModelCalls 'refuse': a tool cannot call a model > toolModelCalls 'refuse' alone also tells the tool (ctx.modelCalls), so it asks for its model-free path 0ms
 ✓ server/services/ana/__tests__/executor-agentic-loop-options.test.ts > toolModelCalls 'refuse': a tool cannot call a model > toolContext.modelCalls 'refuse' alone also opens the refusal scope, so the gateway enforces it 0ms
 ✓ server/services/ana/__tests__/executor-agentic-loop-options.test.ts > toolModelCalls 'refuse': a tool cannot call a model > with neither, the tool is handed exactly the context the caller passed: no modelCalls 0ms
 ✓ server/services/ana/__tests__/executor-agentic-loop-options.test.ts > toolModelCalls 'refuse': a tool cannot call a model > without the option a tool may call a model, as before 1ms
(node:55) [UNDICI-EHPA] Warning: EnvHttpProxyAgent is experimental, expect them to change at any time.
(Use `node --trace-warnings ...` to show where the warning was created)
stdout | server/routes/ana-ri/__tests__/stream-run-hold.test.ts
{
  "timestamp": "2026-10-08T05:30:30.874Z",
  "level": "info",
  "message": "[database] Initializing PostgreSQL connection pool",
  "context": {}
}
{
  "timestamp": "2026-10-08T05:30:30.874Z",
  "level": "info",
  "message": "[database] RLS enforcement mode resolved",
  "context": {
    "mode": "off"
  }
}

stderr | server/routes/ana-ri/__tests__/stream-run-hold.test.ts
{
  "timestamp": "2026-10-08T05:30:30.874Z",
  "level": "warn",
  "message": "[database] Skipping database startup connectivity test (SKIP_DB_STARTUP_TEST=true)",
  "context": {}
}

stdout | server/routes/ana-ri/__tests__/stream-run-hold.test.ts
Loaded 0 academic documents

stderr | server/routes/ana-ri/__tests__/stream-run-hold.test.ts > the tool context names the conversation, the turn and the model (PF-10 S5, LX-06) > when the thread could not be opened, no model call or governed approval proceeds
[AnA RI Stream] Conversation preparation failed: thread store down

stderr | server/routes/ana-ri/__tests__/stream-run-hold.test.ts > the tool context names the conversation, the turn and the model (PF-10 S5, LX-06) > when the thread could not be opened, no model call or governed approval proceeds
[turn-record] could not write the turn record: no dedicated client in this test

 ✓ server/routes/ana-ri/__tests__/stream-run-hold.test.ts > the tool context names the conversation, the turn and the model (PF-10 S5, LX-06) > a dispatched tool receives the resolved thread, the run as its turn, and the served model 34ms
 ✓ server/routes/ana-ri/__tests__/stream-run-hold.test.ts > the tool context names the conversation, the turn and the model (PF-10 S5, LX-06) > a held governed call records the same: the only path a confirm-class draft takes in production 7ms
 ✓ server/routes/ana-ri/__tests__/stream-run-hold.test.ts > the tool context names the conversation, the turn and the model (PF-10 S5, LX-06) > when the thread could not be opened, no model call or governed approval proceeds 4ms
 ✓ server/routes/ana-ri/__tests__/stream-run-hold.test.ts > the stream pause, unchanged by the move > a run that is not paused runs its round with no pause frames 4ms
 ✓ server/routes/ana-ri/__tests__/stream-run-hold.test.ts > the stream pause, unchanged by the move > a paused run holds the round, says paused once and resumed once, then runs it 9ms
 ✓ server/routes/ana-ri/__tests__/stream-run-hold.test.ts > the stream pause, unchanged by the move > a run cancelled while paused says cancelled and runs nothing more 4ms
 ✓ server/routes/ana-ri/__tests__/stream-run-hold.test.ts > the stream pause, unchanged by the move > a pause nobody answers is resumed as abandoned once, at MAX_PAUSE_MS, and the round runs 6ms
(node:71) [UNDICI-EHPA] Warning: EnvHttpProxyAgent is experimental, expect them to change at any time.
(Use `node --trace-warnings ...` to show where the warning was created)
stdout | server/routes/ana-ri/__tests__/stream-disconnect.test.ts
{
  "timestamp": "2026-10-08T05:30:33.354Z",
  "level": "info",
  "message": "[database] Initializing PostgreSQL connection pool",
  "context": {}
}
{
  "timestamp": "2026-10-08T05:30:33.354Z",
  "level": "info",
  "message": "[database] RLS enforcement mode resolved",
  "context": {
    "mode": "off"
  }
}

stderr | server/routes/ana-ri/__tests__/stream-disconnect.test.ts
{
  "timestamp": "2026-10-08T05:30:33.354Z",
  "level": "warn",
  "message": "[database] Skipping database startup connectivity test (SKIP_DB_STARTUP_TEST=true)",
  "context": {}
}

stdout | server/routes/ana-ri/__tests__/stream-disconnect.test.ts
Loaded 0 academic documents

 ✓ server/routes/ana-ri/__tests__/stream-disconnect.test.ts > local-only stream disconnect > aborts pending generation once after a dropped response without inventing a human cancel 27ms
 ✓ server/routes/ana-ri/__tests__/stream-disconnect.test.ts > local-only stream disconnect > ignores ordinary request completion and keeps its heartbeat active while generation waits 8ms
 ✓ server/routes/ana-ri/__tests__/stream-disconnect.test.ts > local-only stream disconnect > also aborts when an interrupted incoming request closes 4ms
 ✓ server/routes/ana-ri/__tests__/stream-disconnect.test.ts > disconnect while opening the run > settles an already-dropped response when beginRun resumes (local-only=true) 3ms
 ✓ server/routes/ana-ri/__tests__/stream-disconnect.test.ts > disconnect while opening the run > settles an already-dropped response when beginRun resumes (local-only=false) 4ms
 ✓ server/routes/ana-ri/__tests__/stream-disconnect.test.ts > completed and durable stream lifecycle > does not abort a normally completed response (local-only=true) 6ms
 ✓ server/routes/ana-ri/__tests__/stream-disconnect.test.ts > completed and durable stream lifecycle > does not abort a normally completed response (local-only=false) 3ms
 ✓ server/routes/ana-ri/__tests__/stream-disconnect.test.ts > completed and durable stream lifecycle > keeps a durable disconnect distinct from a human control and settles it once 4ms
(node:87) [UNDICI-EHPA] Warning: EnvHttpProxyAgent is experimental, expect them to change at any time.
(Use `node --trace-warnings ...` to show where the warning was created)
stdout | server/services/ana/__tests__/executor-agentic-loop.test.ts
{
  "timestamp": "2026-10-08T05:30:34.918Z",
  "level": "info",
  "message": "[database] Initializing PostgreSQL connection pool",
  "context": {}
}
{
  "timestamp": "2026-10-08T05:30:34.919Z",
  "level": "info",
  "message": "[database] RLS enforcement mode resolved",
  "context": {
    "mode": "off"
  }
}

stderr | server/services/ana/__tests__/executor-agentic-loop.test.ts
{
  "timestamp": "2026-10-08T05:30:34.919Z",
  "level": "warn",
  "message": "[database] Skipping database startup connectivity test (SKIP_DB_STARTUP_TEST=true)",
  "context": {}
}

stdout | server/services/ana/__tests__/executor-agentic-loop.test.ts
[database] Database connection successful

 ✓ server/services/ana/__tests__/executor-agentic-loop.test.ts > executeAgenticLoop adapter > runs a round's tools in parallel, caps oversized results, and returns the final answer 30ms
 ✓ server/services/ana/__tests__/executor-agentic-loop.test.ts > executeAgenticLoop adapter > stops on duplicate (thrash) tool calls before the round cap 1ms
 ✓ server/services/ana/__tests__/executor-agentic-loop.test.ts > executeAgenticLoop adapter > short-circuits when the abort signal is already set 1ms
 ✓ server/services/ana/__tests__/executor-agentic-loop.test.ts > executeAgenticLoop adapter > returns immediately when the first turn requests no tools 0ms
 ✓ server/services/ana/__tests__/executor-agentic-loop.test.ts > the tool context carries the tenant uuid its request scope holds > fills it from the request scope when the scope is the same tenant 1ms
 ✓ server/services/ana/__tests__/executor-agentic-loop.test.ts > the tool context carries the tenant uuid its request scope holds > never borrows another tenant's uuid 1ms
 ✓ server/services/ana/__tests__/executor-agentic-loop.test.ts > the tool context carries the tenant uuid its request scope holds > keeps a uuid the caller passed 1ms
 ✓ server/services/ana/__tests__/executor-agentic-loop.test.ts > the tool context carries the tenant uuid its request scope holds > invents nothing outside a scope 0ms
 ✓ server/services/ana/__tests__/executor-agentic-loop.test.ts > tool output reaches the model framed as untrusted data > a tool result that carries an instruction is fenced, labelled, and cannot close its frame 1ms
(node:95) [UNDICI-EHPA] Warning: EnvHttpProxyAgent is experimental, expect them to change at any time.
(Use `node --trace-warnings ...` to show where the warning was created)
 ✓ tests/services/agentic-loop.test.ts > runAgenticToolLoop > returns immediately when the first turn has no tool calls 2ms
 ✓ tests/services/agentic-loop.test.ts > runAgenticToolLoop > chains multiple rounds until the model stops calling tools 1ms
 ✓ tests/services/agentic-loop.test.ts > runAgenticToolLoop > caps at maxRounds and forces a final answer (tools withdrawn on the last round) 1ms
 ✓ tests/services/agentic-loop.test.ts > runAgenticToolLoop > detects thrashing (same call repeated) and withdraws tools to break the loop 1ms
 ✓ tests/services/agentic-loop.test.ts > runAgenticToolLoop > continues when a tool result encodes an error (executor does not throw) 0ms
 ✓ tests/services/agentic-loop.test.ts > runAgenticToolLoop > rejects a maxRounds below 1 1ms
 ✓ tests/services/agentic-loop.test.ts > capToolResultForModel > returns short content unchanged 0ms
 ✓ tests/services/agentic-loop.test.ts > capToolResultForModel > truncates oversized content but keeps the head, tail, and a marker 0ms
 ✓ tests/services/agentic-loop.test.ts > capToolResultForModel > clamps an unreasonably small limit so it never produces a negative tail 0ms
 ✓ tests/services/agentic-loop.test.ts > capToolResultForModel > grounds an answer against the capped view, not the omitted middle 17ms
 ✓ tests/services/agentic-loop.test.ts > mapWithConcurrency > preserves input order even when workers resolve out of order 30ms
 ✓ tests/services/agentic-loop.test.ts > mapWithConcurrency > never exceeds the concurrency limit 21ms
 ✓ tests/services/agentic-loop.test.ts > mapWithConcurrency > processes every item and handles the empty case 0ms
 ✓ tests/services/agentic-loop.test.ts > mapWithConcurrency > rejects a concurrency below 1 0ms
 ✓ tests/services/agentic-loop.test.ts > describeToolPlan > produces friendly labels for known tools, incorporating key args 0ms
 ✓ tests/services/agentic-loop.test.ts > describeToolPlan > truncates long argument values in the label 0ms
 ✓ tests/services/agentic-loop.test.ts > describeToolPlan > falls back to a humanized name for unknown tools 0ms
 ✓ tests/services/agentic-loop.test.ts > describeToolPlan > handles a missing query gracefully 0ms
(node:103) [UNDICI-EHPA] Warning: EnvHttpProxyAgent is experimental, expect them to change at any time.
(Use `node --trace-warnings ...` to show where the warning was created)
 ✓ server/services/ana/__tests__/agentic-loop-cancel-entries.test.ts > the cancelled-round shape > produces one entry per call, with the ids preserved 2ms
 ✓ server/services/ana/__tests__/agentic-loop-cancel-entries.test.ts > the cancelled-round shape > every entry SAYS it was cancelled rather than being empty 0ms
 ✓ server/services/ana/__tests__/agentic-loop-cancel-entries.test.ts > the cancelled-round shape > names the tool, so the record says WHICH step was stopped 0ms
 ✓ server/services/ana/__tests__/agentic-loop-cancel-entries.test.ts > the wrapper no longer drops the round > its barge-in branch returns a mapped result, not an empty array 0ms
 ✓ server/services/ana/__tests__/agentic-loop-cancel-entries.test.ts > the wrapper no longer drops the round > passes the abort signal to the gateway, not only to its own checks 1ms
 ✓ server/services/ana/__tests__/agentic-loop-cancel-entries.test.ts > the wrapper no longer drops the round > forwards the round-boundary checkpoint the loop has always accepted 0ms
 ✓ server/services/ana/__tests__/agentic-loop-cancel-entries.test.ts > a steer on the non-SSE path reaches the model > drains the queued operator turns into the next round 0ms
 ✓ server/services/ana/__tests__/agentic-loop-cancel-entries.test.ts > a steer on the non-SSE path reaches the model > places them AFTER the tool results, as the streaming route does 1ms
 ✓ server/services/ana/__tests__/agentic-loop-cancel-entries.test.ts > a steer on the non-SSE path reaches the model > is declared on the public options, beside the checkpoint it serves 1ms
 ✓ server/services/ana/__tests__/agentic-loop-cancel-entries.test.ts > a stop lands DURING a tool, not after it > races each handler against the signal 1ms
 ✓ server/services/ana/__tests__/agentic-loop-cancel-entries.test.ts > a stop lands DURING a tool, not after it > puts the signal INTO the handler context, not only around it 0ms
 ✓ server/services/ana/__tests__/agentic-loop-cancel-entries.test.ts > a stop lands DURING a tool, not after it > a CANCELLED tool is not reported as a FAILED tool 1ms
 ✓ server/services/ana/__tests__/agentic-loop-cancel-entries.test.ts > a stop lands DURING a tool, not after it > a genuine tool failure still carries its errorMessage 1ms
(node:111) [UNDICI-EHPA] Warning: EnvHttpProxyAgent is experimental, expect them to change at any time.
(Use `node --trace-warnings ...` to show where the warning was created)
stdout | server/services/ana/__tests__/executor-agentic-loop-queued-cancel.test.ts
{
  "timestamp": "2026-10-08T05:30:37.212Z",
  "level": "info",
  "message": "[database] Initializing PostgreSQL connection pool",
  "context": {}
}
{
  "timestamp": "2026-10-08T05:30:37.212Z",
  "level": "info",
  "message": "[database] RLS enforcement mode resolved",
  "context": {
    "mode": "off"
  }
}

stderr | server/services/ana/__tests__/executor-agentic-loop-queued-cancel.test.ts
{
  "timestamp": "2026-10-08T05:30:37.213Z",
  "level": "warn",
  "message": "[database] Skipping database startup connectivity test (SKIP_DB_STARTUP_TEST=true)",
  "context": {}
}

stdout | server/services/ana/__tests__/executor-agentic-loop-queued-cancel.test.ts
[database] Database connection successful

 ✓ server/services/ana/__tests__/executor-agentic-loop-queued-cancel.test.ts > non-SSE cancellation before a queued handler starts > does not start queued work after Stop with 1 active lanes 6ms
 ✓ server/services/ana/__tests__/executor-agentic-loop-queued-cancel.test.ts > non-SSE cancellation before a queued handler starts > does not start queued work after Stop with 4 active lanes 3ms
 ✓ server/services/ana/__tests__/executor-agentic-loop-queued-cancel.test.ts > an uninterrupted queued tool round > still runs each handler and carries its result into the next model turn 1ms
(node:119) [UNDICI-EHPA] Warning: EnvHttpProxyAgent is experimental, expect them to change at any time.
(Use `node --trace-warnings ...` to show where the warning was created)
 ✓ server/services/ana/__tests__/tool-run-cancelled.test.ts > abortRace > rejects as soon as the run is cancelled 2ms
 ✓ server/services/ana/__tests__/tool-run-cancelled.test.ts > abortRace > rejects immediately when the run was already cancelled 0ms
 ✓ server/services/ana/__tests__/tool-run-cancelled.test.ts > abortRace > lets a handler that finishes first win 0ms
 ✓ server/services/ana/__tests__/tool-run-cancelled.test.ts > abortRace > never settles without a signal, so an uncontrolled run is unchanged 11ms
 ✓ server/services/ana/__tests__/tool-run-cancelled.test.ts > abortRace > does not reject on a signal that never fires 11ms
 ✓ server/services/ana/__tests__/tool-run-cancelled.test.ts > the cancelled result > names the tool and says the person stopped it 0ms
 ✓ server/services/ana/__tests__/tool-run-cancelled.test.ts > the cancelled result > tells the model not to read it as the tool having no answer 0ms
 ✓ server/services/ana/__tests__/tool-run-cancelled.test.ts > the cancelled result > does not claim the work was undone 0ms
 ✓ server/services/ana/__tests__/tool-run-cancelled.test.ts > a cancelled round still accounts for every call > produces one result per call, never an empty round 1ms
(node:127) [UNDICI-EHPA] Warning: EnvHttpProxyAgent is experimental, expect them to change at any time.
(Use `node --trace-warnings ...` to show where the warning was created)
stdout | server/services/ana/__tests__/executor-agentic-loop-lost-input.test.ts
{
  "timestamp": "2026-10-08T05:30:39.271Z",
  "level": "info",
  "message": "[database] Initializing PostgreSQL connection pool",
  "context": {}
}
{
  "timestamp": "2026-10-08T05:30:39.272Z",
  "level": "info",
  "message": "[database] RLS enforcement mode resolved",
  "context": {
    "mode": "off"
  }
}

stderr | server/services/ana/__tests__/executor-agentic-loop-lost-input.test.ts
{
  "timestamp": "2026-10-08T05:30:39.272Z",
  "level": "warn",
  "message": "[database] Skipping database startup connectivity test (SKIP_DB_STARTUP_TEST=true)",
  "context": {}
}

stdout | server/services/ana/__tests__/executor-agentic-loop-lost-input.test.ts
[database] Database connection successful

 ✓ server/services/ana/__tests__/executor-agentic-loop-lost-input.test.ts > a call whose arguments were lost is not run > the handler is never called, and the model reads the lost-input result 3ms
 ✓ server/services/ana/__tests__/executor-agentic-loop-lost-input.test.ts > a call whose arguments were lost is not run > a tool outside the allowlist is still answered TOOL_NOT_OFFERED, not lost input 1ms
 ✓ server/services/ana/__tests__/executor-agentic-loop-lost-input.test.ts > a call whose arguments were lost is not run > control: a call with no parse error and empty input still runs 2ms

 Test Files  10 passed (10)
      Tests  133 passed (133)
   Start at  13:30:17
   Duration  22.44s (transform 6.56s, setup 155ms, import 20.39s, tests 631ms, environment 1ms)
