npm warn Unknown env config "http-proxy". This will stop working in the next major version of npm.

 RUN  v4.1.7 /workspace/scratch/bd36ee581acd/concept2cure

stdout | server/routes/ana-ri/__tests__/stream-context-latency.test.ts
{
  "timestamp": "2026-10-08T03:05:12.179Z",
  "level": "info",
  "message": "[database] Initializing PostgreSQL connection pool",
  "context": {}
}
{
  "timestamp": "2026-10-08T03:05:12.180Z",
  "level": "info",
  "message": "[database] RLS enforcement mode resolved",
  "context": {
    "mode": "off"
  }
}

stderr | server/routes/ana-ri/__tests__/stream-context-latency.test.ts
{
  "timestamp": "2026-10-08T03:05:12.180Z",
  "level": "warn",
  "message": "[database] Skipping database startup connectivity test (SKIP_DB_STARTUP_TEST=true)",
  "context": {}
}

stdout | server/routes/ana-ri/__tests__/stream-context-latency.test.ts
Loaded 0 academic documents

 × server/routes/ana-ri/__tests__/stream-context-latency.test.ts > memory startup on the client streaming door > starts admitted memory before optional route prefetch finishes and waits for both before the model 54ms
   → expected "vi.fn()" to be called 1 times, but got 0 times
 ✓ server/routes/ana-ri/__tests__/stream-context-latency.test.ts > memory startup on the client streaming door > awaits slow memory when optional route context has already returned 11ms
 ✓ server/routes/ana-ri/__tests__/stream-context-latency.test.ts > memory startup on the client streaming door > does not start memory or optional context when conversation resolve fails 5ms
 ✓ server/routes/ana-ri/__tests__/stream-context-latency.test.ts > memory startup on the client streaming door > does not start memory or optional context when conversation history fails 3ms
 ✓ server/routes/ana-ri/__tests__/stream-context-latency.test.ts > memory startup on the client streaming door > does not start memory or optional context when conversation save fails 3ms
 ✓ server/routes/ana-ri/__tests__/stream-context-latency.test.ts > memory startup on the client streaming door > handles an early memory rejection while optional context is pending 9ms

⎯⎯⎯⎯⎯⎯⎯ Failed Tests 1 ⎯⎯⎯⎯⎯⎯⎯

 FAIL  server/routes/ana-ri/__tests__/stream-context-latency.test.ts > memory startup on the client streaming door > starts admitted memory before optional route prefetch finishes and waits for both before the model
AssertionError: expected "vi.fn()" to be called 1 times, but got 0 times
 ❯ server/routes/ana-ri/__tests__/stream-context-latency.test.ts:110:25
    108|     try {
    109|       await started.promise;
    110|       expect(io.memory).toHaveBeenCalledTimes(1);
       |                         ^
    111|       expect(io.operations).toEqual(['resolve', 'history', 'save', 'me…
    112|       expect(io.memory).toHaveBeenCalledWith({

⎯⎯⎯⎯⎯⎯⎯⎯⎯⎯⎯⎯⎯⎯⎯⎯⎯⎯⎯⎯⎯⎯⎯⎯[1/1]⎯


 Test Files  1 failed (1)
      Tests  1 failed | 5 passed (6)
   Start at  11:05:08
   Duration  8.01s (transform 4.74s, setup 70ms, import 7.62s, tests 88ms, environment 0ms)
