(node:5) [UNDICI-EHPA] Warning: EnvHttpProxyAgent is experimental, expect them to change at any time.
(Use `node --trace-warnings ...` to show where the warning was created)

 RUN  v4.1.7 /workspace/scratch/bd36ee581acd/concept2cure

(node:5) [UNDICI-EHPA] Warning: EnvHttpProxyAgent is experimental, expect them to change at any time.
(Use `node --trace-warnings ...` to show where the warning was created)
(node:26) [UNDICI-EHPA] Warning: EnvHttpProxyAgent is experimental, expect them to change at any time.
(Use `node --trace-warnings ...` to show where the warning was created)
stderr | tests/schema-contract/chat-thread-access.contract.test.ts > getOrCreateThread resolves a supplied id as the caller > a colleague's thread id is refused, not forked and not read
[SECURITY WARNING] AUDIT_HMAC_SECRET not set. Using a non-production development fallback — audit-chain integrity is NOT guaranteed. Set AUDIT_HMAC_SECRET before deploying.

stderr | tests/schema-contract/chat-thread-access.contract.test.ts > getOrCreateThread resolves a supplied id as the caller > a colleague's thread id is refused, not forked and not read
{
  "timestamp": "2026-10-08T04:42:03.297Z",
  "level": "error",
  "message": "[audit-service] Failed to initialize tamper-proof audit table (non-fatal):",
  "context": {}
}

stderr | tests/schema-contract/chat-thread-access.contract.test.ts > getOrCreateThread resolves a supplied id as the caller > a colleague's thread id is refused, not forked and not read
[chat-thread-helpers] Table ensure warning: cannot insert multiple commands into a prepared statement

 ✓ tests/schema-contract/chat-thread-access.contract.test.ts > getOrCreateThread resolves a supplied id as the caller > a colleague's thread id is refused, not forked and not read 1146ms
 ✓ tests/schema-contract/chat-thread-access.contract.test.ts > getOrCreateThread resolves a supplied id as the caller > another tenant's thread id is never resolved — the caller gets a fresh thread 6ms
 ✓ tests/schema-contract/chat-thread-access.contract.test.ts > getOrCreateThread resolves a supplied id as the caller > the caller's own thread id resolves to itself 1ms
 ✓ tests/schema-contract/chat-thread-access.contract.test.ts > getOrCreateThread resolves a supplied id as the caller > a thread with no recorded owner is scoped by organization alone 2ms
 ✓ tests/schema-contract/chat-thread-access.contract.test.ts > getOrCreateThread resolves a supplied id as the caller > an unknown id mints a fresh thread, as it always did 2ms
 ✓ tests/schema-contract/chat-thread-access.contract.test.ts > getOrCreateThread resolves a supplied id as the caller > with no organization to scope by, a supplied id is never honoured 1ms
 ✓ tests/schema-contract/chat-thread-access.contract.test.ts > getOrCreateThread resolves a supplied id as the caller > an unidentified caller does not get an owned thread 1ms
 ✓ tests/schema-contract/chat-thread-access.contract.test.ts > resolveAccessibleThread — the history gate the context builder uses > returns null for a foreign tenant and throws for a colleague 2ms
 ✓ tests/schema-contract/chat-thread-access.contract.test.ts > ensureThread cannot adopt someone else’s stable id > refuses a colleague's id and a foreign tenant's id, creates its own 11ms
 ✓ tests/schema-contract/chat-thread-access.contract.test.ts > a minted thread is bound only to a program of its own organization (PF-10 S2) > the organization's own program is bound, lower-cased 3ms
 ✓ tests/schema-contract/chat-thread-access.contract.test.ts > a minted thread is bound only to a program of its own organization (PF-10 S2) > another organization's program is never bound: the thread is minted unbound 2ms
 ✓ tests/schema-contract/chat-thread-access.contract.test.ts > a minted thread is bound only to a program of its own organization (PF-10 S2) > a deleted program of the organization is not bound either 1ms
 ✓ tests/schema-contract/chat-thread-access.contract.test.ts > a minted thread is bound only to a program of its own organization (PF-10 S2) > the program list shows only the caller's own threads in its program 24ms

 Test Files  1 passed (1)
      Tests  13 passed (13)
   Start at  12:41:59
   Duration  3.50s (transform 696ms, setup 83ms, import 55ms, tests 3.08s, environment 0ms)
