(node:5) [UNDICI-EHPA] Warning: EnvHttpProxyAgent is experimental, expect them to change at any time.
(Use `node --trace-warnings ...` to show where the warning was created)

 RUN  v4.1.7 /workspace/scratch/bd36ee581acd/concept2cure

(node:5) [UNDICI-EHPA] Warning: EnvHttpProxyAgent is experimental, expect them to change at any time.
(Use `node --trace-warnings ...` to show where the warning was created)
(node:26) [UNDICI-EHPA] Warning: EnvHttpProxyAgent is experimental, expect them to change at any time.
(Use `node --trace-warnings ...` to show where the warning was created)
stdout | server/routes/ana-ri/__tests__/stream-disconnect.test.ts
{
  "timestamp": "2026-10-08T05:04:42.720Z",
  "level": "info",
  "message": "[database] Initializing PostgreSQL connection pool",
  "context": {}
}
{
  "timestamp": "2026-10-08T05:04:42.720Z",
  "level": "info",
  "message": "[database] RLS enforcement mode resolved",
  "context": {
    "mode": "off"
  }
}

stderr | server/routes/ana-ri/__tests__/stream-disconnect.test.ts
{
  "timestamp": "2026-10-08T05:04:42.721Z",
  "level": "warn",
  "message": "[database] Skipping database startup connectivity test (SKIP_DB_STARTUP_TEST=true)",
  "context": {}
}

stdout | server/routes/ana-ri/__tests__/stream-disconnect.test.ts
Loaded 0 academic documents

 ✓ server/routes/ana-ri/__tests__/stream-disconnect.test.ts > local-only stream disconnect > aborts pending generation once after a dropped response without inventing a human cancel 29ms
 ✓ server/routes/ana-ri/__tests__/stream-disconnect.test.ts > local-only stream disconnect > ignores ordinary request completion and keeps its heartbeat active while generation waits 8ms
 ✓ server/routes/ana-ri/__tests__/stream-disconnect.test.ts > local-only stream disconnect > also aborts when an interrupted incoming request closes 3ms
 ✓ server/routes/ana-ri/__tests__/stream-disconnect.test.ts > completed and durable stream lifecycle > does not abort a normally completed response (local-only=true) 3ms
 ✓ server/routes/ana-ri/__tests__/stream-disconnect.test.ts > completed and durable stream lifecycle > does not abort a normally completed response (local-only=false) 3ms
 ✓ server/routes/ana-ri/__tests__/stream-disconnect.test.ts > completed and durable stream lifecycle > keeps a durable disconnect distinct from a human control and settles it once 4ms

 Test Files  1 passed (1)
      Tests  6 passed (6)
   Start at  13:04:39
   Duration  6.44s (transform 3.80s, setup 62ms, import 6.09s, tests 53ms, environment 0ms)
