(node:6) [UNDICI-EHPA] Warning: EnvHttpProxyAgent is experimental, expect them to change at any time.
(Use `node --trace-warnings ...` to show where the warning was created)

 RUN  v4.1.7 /workspace/scratch/bd36ee581acd/concept2cure

(node:6) [UNDICI-EHPA] Warning: EnvHttpProxyAgent is experimental, expect them to change at any time.
(Use `node --trace-warnings ...` to show where the warning was created)
(node:28) [UNDICI-EHPA] Warning: EnvHttpProxyAgent is experimental, expect them to change at any time.
(Use `node --trace-warnings ...` to show where the warning was created)
stdout | server/routes/ana-ri/__tests__/stream-disconnect.test.ts
{
  "timestamp": "2026-10-08T05:04:11.821Z",
  "level": "info",
  "message": "[database] Initializing PostgreSQL connection pool",
  "context": {}
}
{
  "timestamp": "2026-10-08T05:04:11.822Z",
  "level": "info",
  "message": "[database] RLS enforcement mode resolved",
  "context": {
    "mode": "off"
  }
}

stderr | server/routes/ana-ri/__tests__/stream-disconnect.test.ts
{
  "timestamp": "2026-10-08T05:04:11.822Z",
  "level": "warn",
  "message": "[database] Skipping database startup connectivity test (SKIP_DB_STARTUP_TEST=true)",
  "context": {}
}

stdout | server/routes/ana-ri/__tests__/stream-disconnect.test.ts
Loaded 0 academic documents

 × server/routes/ana-ri/__tests__/stream-disconnect.test.ts > local-only stream disconnect > aborts pending generation once after a dropped response without inventing a human cancel 30ms
   → expected false to be true // Object.is equality
 × server/routes/ana-ri/__tests__/stream-disconnect.test.ts > local-only stream disconnect > ignores ordinary request completion and keeps its heartbeat active while generation waits 8ms
   → expected [ [ …(1) ] ] to have a length of +0 but got 1
 × server/routes/ana-ri/__tests__/stream-disconnect.test.ts > local-only stream disconnect > also aborts when an interrupted incoming request closes 4ms
   → expected false to be true // Object.is equality
 ✓ server/routes/ana-ri/__tests__/stream-disconnect.test.ts > completed and durable stream lifecycle > does not abort a normally completed response (local-only=true) 3ms
 ✓ server/routes/ana-ri/__tests__/stream-disconnect.test.ts > completed and durable stream lifecycle > does not abort a normally completed response (local-only=false) 3ms
 ✓ server/routes/ana-ri/__tests__/stream-disconnect.test.ts > completed and durable stream lifecycle > keeps a durable disconnect distinct from a human control and settles it once 4ms

⎯⎯⎯⎯⎯⎯⎯ Failed Tests 3 ⎯⎯⎯⎯⎯⎯⎯

 FAIL  server/routes/ana-ri/__tests__/stream-disconnect.test.ts > local-only stream disconnect > aborts pending generation once after a dropped response without inventing a human cancel
AssertionError: expected false to be true // Object.is equality

- Expected
+ Received

- true
+ false

 ❯ server/routes/ana-ri/__tests__/stream-disconnect.test.ts:146:34
    144|       await closed;
    145|       io.response!.emit('close');
    146|       expect(io.signal?.aborted).toBe(true);
       |                                  ^
    147|       expect(io.localAbort).toHaveBeenCalledTimes(1);
    148|       expect(io.internalStop).not.toHaveBeenCalled();

⎯⎯⎯⎯⎯⎯⎯⎯⎯⎯⎯⎯⎯⎯⎯⎯⎯⎯⎯⎯⎯⎯⎯⎯[1/3]⎯

 FAIL  server/routes/ana-ri/__tests__/stream-disconnect.test.ts > local-only stream disconnect > ignores ordinary request completion and keeps its heartbeat active while generation waits
AssertionError: expected [ [ …(1) ] ] to have a length of +0 but got 1

- Expected
+ Received

- 0
+ 1

 ❯ server/routes/ana-ri/__tests__/stream-disconnect.test.ts:174:37
    172|       expect(io.signal?.aborted).toBe(false);
    173|       expect(io.localAbort).not.toHaveBeenCalled();
    174|       expect(clearTimer.mock.calls).toHaveLength(clearedBefore);
       |                                     ^
    175|     } finally {
    176|       pending.release();

⎯⎯⎯⎯⎯⎯⎯⎯⎯⎯⎯⎯⎯⎯⎯⎯⎯⎯⎯⎯⎯⎯⎯⎯[2/3]⎯

 FAIL  server/routes/ana-ri/__tests__/stream-disconnect.test.ts > local-only stream disconnect > also aborts when an interrupted incoming request closes
AssertionError: expected false to be true // Object.is equality

- Expected
+ Received

- true
+ false

 ❯ server/routes/ana-ri/__tests__/stream-disconnect.test.ts:188:34
    186|       Object.defineProperty(io.request, 'aborted', { value: true, conf…
    187|       io.request!.emit('close');
    188|       expect(io.signal?.aborted).toBe(true);
       |                                  ^
    189|       expect(io.localAbort).toHaveBeenCalledTimes(1);
    190|       await pending.record;

⎯⎯⎯⎯⎯⎯⎯⎯⎯⎯⎯⎯⎯⎯⎯⎯⎯⎯⎯⎯⎯⎯⎯⎯[3/3]⎯


 Test Files  1 failed (1)
      Tests  3 failed | 3 passed (6)
   Start at  13:04:08
   Duration  6.35s (transform 3.73s, setup 65ms, import 5.96s, tests 54ms, environment 0ms)
